
> backend@1.0.0 build
> tsc

src/cron/manager.ts(15,30): error TS2503: Cannot find namespace 'cron'.
src/cron/manager.ts(36,16): error TS2339: Property 'success' does not exist on type 'Logger<never, boolean>'.
src/cron/manager.ts(39,54): error TS2769: No overload matches this call.
  The last overload gave the following error.
    Argument of type 'unknown' is not assignable to parameter of type 'undefined'.
src/cron/manager.ts(41,10): error TS2353: Object literal may only specify known properties, and 'scheduled' does not exist in type 'TaskOptions'.
src/database/supabase.ts(25,63): error TS2769: No overload matches this call.
  The last overload gave the following error.
    Argument of type 'unknown' is not assignable to parameter of type 'undefined'.
src/features/youtube/YoutubeService.ts(71,15): error TS7022: 'playlistUrl' implicitly has type 'any' because it does not have a type annotation and is referenced directly or indirectly in its own initializer.
src/features/youtube/YoutubeService.ts(72,15): error TS7022: 'res' implicitly has type 'any' because it does not have a type annotation and is referenced directly or indirectly in its own initializer.
src/features/youtube/events/EventBus.ts(22,48): error TS2769: No overload matches this call.
  The last overload gave the following error.
    Argument of type '{ videoId: any; } | {}' is not assignable to parameter of type 'undefined'.
      Type '{ videoId: any; }' is not assignable to type 'undefined'.
src/features/youtube/events/EventBus.ts(31,64): error TS2769: No overload matches this call.
  The last overload gave the following error.
    Argument of type 'unknown' is not assignable to parameter of type 'undefined'.
src/features/youtube/helpers/youtubeClient.ts(38,15): error TS7022: 'playlistRes' implicitly has type 'any' because it does not have a type annotation and is referenced directly or indirectly in its own initializer.
src/features/youtube/helpers/youtubeClient.ts(45,54): error TS7006: Parameter 'item' implicitly has an 'any' type.
src/features/youtube/jobs/QueueManager.ts(86,90): error TS2769: No overload matches this call.
  The last overload gave the following error.
    Argument of type 'unknown' is not assignable to parameter of type 'undefined'.
src/jobs/events/EventBus.ts(28,66): error TS2769: No overload matches this call.
  The last overload gave the following error.
    Argument of type 'unknown' is not assignable to parameter of type 'undefined'.
src/jobs/queues/MemoryQueue.ts(70,58): error TS2769: No overload matches this call.
  The last overload gave the following error.
    Argument of type 'Error' is not assignable to parameter of type 'undefined'.
src/jobs/scheduler/CronScheduler.ts(7,18): error TS2503: Cannot find namespace 'cron'.
src/jobs/scheduler/CronScheduler.ts(41,81): error TS2769: No overload matches this call.
  The last overload gave the following error.
    Argument of type 'unknown' is not assignable to parameter of type 'undefined'.
src/jobs/workers/BaseWorker.ts(42,57): error TS2769: No overload matches this call.
  The last overload gave the following error.
    Argument of type 'unknown' is not assignable to parameter of type 'undefined'.
src/middlewares/auth.ts(29,40): error TS2769: No overload matches this call.
  The last overload gave the following error.
    Argument of type 'unknown' is not assignable to parameter of type 'undefined'.
src/middlewares/error.ts(13,54): error TS2769: No overload matches this call.
  The last overload gave the following error.
    Argument of type '{ stack: any; path: string; }' is not assignable to parameter of type 'undefined'.
src/middlewares/validate.ts(17,44): error TS2339: Property 'errors' does not exist on type 'ZodError<unknown>'.
src/repositories/PuranRepository.ts(97,61): error TS7053: Element implicitly has an 'any' type because expression of type '"download_count" | "view_count"' can't be used to index type '{ download_count: any; } | { view_count: any; }'.
  Property 'download_count' does not exist on type '{ download_count: any; } | { view_count: any; }'.
src/repositories/base.repository.ts(39,80): error TS2345: Argument of type 'Partial<T>' is not assignable to parameter of type 'RejectExcessProperties<any, T>[] | RejectExcessProperties<any, T>'.
  Type 'Partial<T>' is not assignable to type 'RejectExcessProperties<any, T>'.
    Type 'Partial<T>' is not assignable to type 'T'.
      'T' could be instantiated with an arbitrary type which could be unrelated to 'Partial<T>'.
src/repositories/base.repository.ts(45,80): error TS2345: Argument of type 'Partial<T>' is not assignable to parameter of type 'RejectExcessProperties<any, T>'.
  Type 'Partial<T>' is not assignable to type 'T'.
    'T' could be instantiated with an arbitrary type which could be unrelated to 'Partial<T>'.
src/routes/health.ts(15,53): error TS2769: No overload matches this call.
  The last overload gave the following error.
    Argument of type 'PostgrestError' is not assignable to parameter of type 'undefined'.
src/seo/generators/SitemapGenerator.ts(40,58): error TS2769: No overload matches this call.
  The last overload gave the following error.
    Argument of type 'PostgrestError' is not assignable to parameter of type 'undefined'.
src/server.ts(35,38): error TS2769: No overload matches this call.
  The last overload gave the following error.
    Argument of type 'Error' is not assignable to parameter of type 'undefined'.
src/server.ts(41,50): error TS2769: No overload matches this call.
  The last overload gave the following error.
    Argument of type 'unknown' is not assignable to parameter of type 'undefined'.
src/services/SettingsService.ts(18,9): error TS2353: Object literal may only specify known properties, and 'enableSearch' does not exist in type 'Partial<Omit<Settings, "createdAt" | "id" | "updatedAt">>'.
